../Core/Src/main.c:76:13:uart_send_string	16	static
../Core/Src/main.c:81:13:process_received_line	16	static
../Core/Src/main.c:105:5:main	8	static
../Core/Src/main.c:171:6:SystemClock_Config	88	static
../Core/Src/main.c:214:13:MX_I2C1_Init	8	static
../Core/Src/main.c:237:13:MX_I2S3_Init	8	static
../Core/Src/main.c:260:13:MX_SPI1_Init	8	static
../Core/Src/main.c:286:13:MX_USART2_UART_Init	8	static
../Core/Src/main.c:315:13:MX_GPIO_Init	56	static
../Core/Src/main.c:390:6:Error_Handler	8	static,ignoring_inline_asm
